"""
Tests for matrix_divided function.
"""

>>> matrix_divided = __import__('2-matrix_divided').matrix_divided

>>> matrix_divided([[1, 2, 3], [4, 5, 6]], 3)
[[0.33, 0.67, 1.0], [1.33, 1.67, 2.0]]

>>> matrix
[[1, 2, 3], [4, 5, 6]]

>>> matrix_divided([[9.0, 3.0], [6.0, 12.0]], 3.0)
[[3.0, 1.0], [2.0, 4.0]]

>>> matrix_divided(123, 3)
Traceback (most recent call last):
    ...
TypeError: matrix must be a matrix (list of lists) of integers/floats

>>> matrix_divided([[1, 2, 3], [4, '5', 6]], 3)
Traceback (most recent call last):
    ...
TypeError: matrix must be a matrix (list of lists) of integers/floats

>>> matrix_divided([[1, 2], [3, 4, 5]], 2)
Traceback (most recent call last):
    ...
TypeError: Each row of the matrix must have the same size

>>> matrix_divided([[1, 2, 3], [4, 5, 6]], '3')
Traceback (most recent call last):
    ...
TypeError: div must be a number

>>> matrix_divided([[1, 2, 3], [4, 5, 6]], 0)
Traceback (most recent call last):
    ...
ZeroDivisionError: division by zero
